
<div class="helper-test">
  <ul>
    <li>Yehuda Katz</li>
    <li>Carl Lerche</li>
    <li>Alan Johnson</li>
  </ul>
</div>
