<div class="entry">
  <h1>templatify</h1>
  <div class="body">
    â˜º
  </div>
</div>
