<div class="entry">
  <h1></h1>
  <div class="body">
    
  </div>
</div>
