
<div class="helper-test">
  
<div class="yeller">
  This is a partial include, with yeller helper.

  TEMPLATIFY

</div>

</div>
