<div class="best class ever">
  This plugin is my templatify plugin ever.

  
<div class="partial">
  This is a partial include.

  
<div class="partial">
  And another partial, yay. I should be nested and be happy.
</div>


</div>

</div>
