
<div class="test underscore template output with partials and helpers">
  <h2>Some title</h2>

  <div class="body">
    body content
  </div>

  <p>I am a partial</p>

  <p>I am another partial</p>

<div class="with nested partial">
  <p>YAY!</p>

</div>


  SOME TITLE

  En taro tassadar,Some title body content 

</div>
