Hello Chris
You have just won $10000!
Well, $6000, after taxes.

partial:
<p>I am a partial</p>

with another one:

<p>I am another partial</p>

<div class="with nested partial">
  with another partial again - Chris
  <p>YAY!</p>
</div>

Items:
  Here's an item: foobar - 10000

  Parts:
    foo - 10000

    Item partial:
    <p>Hi, I'm a partial within an list of item</p>

name: foo
val: bar
value: 10000

